// Jest Snapshot v1, https://goo.gl/fbAQLP

exports[`codegen interpolation 1`] = `
"const { toDisplayString: _toDisplayString } = Vue
return function render(_ctx, _cache) { return _toDisplayString(_ctx.message) }"
`;

exports[`codegen simple element 1`] = `
"const { createElementVNode: _createElementVNode } = Vue
return function render(_ctx, _cache) { return _createElementVNode('div', null, ) }"
`;

exports[`codegen text 1`] = `"return function render(_ctx, _cache) { return 'hi' }"`;

exports[`codegen union 3 type 1`] = `
"const { toDisplayString: _toDisplayString, createElementVNode: _createElementVNode } = Vue
return function render(_ctx, _cache) { return _createElementVNode('div', null, 'hi,' + _toDisplayString(_ctx.message)) }"
`;
